~/test-1-Krishna77606-8$ gcc -g p6original.c
~/test-1-Krishna77606-8$ gdb a.out
GNU gdb (Ubuntu 8.1.1-0ubuntu1) 8.1.1
Copyright (C) 2018 Free Software Foundation, Inc.
License GPLv3+: GNU GPL version 3 or later <http://gnu.org/licenses/gpl.html>
This is free software: you are free to change and redistribute it.
There is NO WARRANTY, to the extent permitted by law.  Type "show copying"
and "show warranty" for details.
This GDB was configured as "x86_64-linux-gnu".
Type "show configuration" for configuration details.
For bug reporting instructions, please see:
<http://www.gnu.org/software/gdb/bugs/>.
Find the GDB manual and other documentation resources online at:
<http://www.gnu.org/software/gdb/documentation/>.
For help, type "help".
Type "apropos word" to search for commands related to "word"...
Reading symbols from a.out...done.
(gdb) r
Starting program: /home/runner/test-1-Krishna77606-8/a.out 
warning: Error disabling address space randomization: Operation not permitted
break main
sum=149392167[Inferior 1 (process 961) exited normally]
(gdb) break main
Breakpoint 1 at 0x5647df000722: file p6original.c, line 6.
(gdb) r
Starting program: /home/runner/test-1-Krishna77606-8/a.out 
warning: Error disabling address space randomization: Operation not permitted

Breakpoint 1, main () at p6original.c:6
6   {
(gdb) n
8     input(&A,&B);
(gdb) 5 4
Undefined command: "5".  Try "help".
(gdb) n
4 5
9     add(&A,&B,&Sum);
(gdb)  c
Continuing.
sum=9[Inferior 1 (process 965) exited normally]
(gdb) q